#
# There is insufficient memory for the Java Runtime Environment to continue.
# Native memory allocation (mmap) failed to map 126877696 bytes. Error detail: G1 virtual space
# Possible reasons:
#   The system is out of physical RAM or swap space
#   This process is running with CompressedOops enabled, and the Java Heap may be blocking the growth of the native heap
# Possible solutions:
#   Reduce memory load on the system
#   Increase physical memory or swap space
#   Check if swap backing store is full
#   Decrease Java heap size (-Xmx/-Xms)
#   Decrease number of Java threads
#   Decrease Java thread stack sizes (-Xss)
#   Set larger code cache with -XX:ReservedCodeCacheSize=
#   JVM is running with Unscaled Compressed Oops mode in which the Java heap is
#     placed in the first 4GB address space. The Java Heap base address is the
#     maximum limit for the native heap growth. Please use -XX:HeapBaseMinAddress
#     to set the Java Heap base and to place the Java Heap above 4GB virtual address.
# This output file may be truncated or incomplete.
#
#  Out of Memory Error (os_windows.cpp:3736), pid=9508, tid=968
#
# JRE version: OpenJDK Runtime Environment Microsoft-11933218 (21.0.8+9) (build 21.0.8+9-LTS)
# Java VM: OpenJDK 64-Bit Server VM Microsoft-11933218 (21.0.8+9-LTS, mixed mode, sharing, tiered, compressed oops, compressed class ptrs, g1 gc, windows-amd64)
# No core dump will be written. Minidumps are not enabled by default on client versions of Windows
#

---------------  S U M M A R Y ------------

Command Line: com.xamarin.manifestmerger.Main obj\Debug\net10.0-android\android\manifestmerger.rsp

Host: Intel(R) Core(TM) i5-5200U CPU @ 2.20GHz, 4 cores, 7G,  Windows 10 , 64 bit Build 19041 (10.0.19041.5915)
Time: Thu Jul 30 14:00:51 2026 AUS Eastern Standard Time elapsed time: 2.625290 seconds (0d 0h 0m 2s)

---------------  T H R E A D  ---------------

Current thread (0x000001524c131660):  VMThread "VM Thread"          [id=968, stack(0x0000000100d00000,0x0000000100e00000) (1024K)]

Stack: [0x0000000100d00000,0x0000000100e00000]
Native frames: (J=compiled Java code, j=interpreted, Vv=VM code, C=native code)
V  [jvm.dll+0x6e1729]
V  [jvm.dll+0x8bf47b]
V  [jvm.dll+0x8c19aa]
V  [jvm.dll+0x8c2083]
V  [jvm.dll+0x289fd6]
V  [jvm.dll+0x6de085]
V  [jvm.dll+0x6d218a]
V  [jvm.dll+0x366f6e]
V  [jvm.dll+0x36ee1b]
V  [jvm.dll+0x3c06b9]
V  [jvm.dll+0x3c095b]
V  [jvm.dll+0x33a8b7]
V  [jvm.dll+0x33a947]
V  [jvm.dll+0x37f68c]
V  [jvm.dll+0x37de6e]
V  [jvm.dll+0x33a011]
V  [jvm.dll+0x37d4da]
V  [jvm.dll+0x8c7def]
V  [jvm.dll+0x8c92fc]
V  [jvm.dll+0x8c9874]
V  [jvm.dll+0x8c9973]
V  [jvm.dll+0x86975d]
V  [jvm.dll+0x6dff2d]
C  [ucrtbase.dll+0x21bb2]
C  [KERNEL32.DLL+0x17374]
C  [ntdll.dll+0x4cc91]

VM_Operation (0x00000001006f87f0): G1CollectForAllocation, mode: safepoint, requested by thread 0x000001522fdd3880


---------------  P R O C E S S  ---------------

Threads class SMR info:
_java_thread_list=0x000001524c27be90, length=11, elements={
0x000001522fdd3880, 0x000001524c1510c0, 0x000001524c152180, 0x000001524c154400,
0x000001524c157fd0, 0x000001524c159520, 0x000001524c15ddc0, 0x000001524c15f2e0,
0x000001524c163020, 0x000001524c2a3f40, 0x000001524c2a52f0
}

Java Threads: ( => current thread )
  0x000001522fdd3880 JavaThread "main"                              [_thread_blocked, id=12176, stack(0x0000000100600000,0x0000000100700000) (1024K)]
  0x000001524c1510c0 JavaThread "Reference Handler"          daemon [_thread_blocked, id=5528, stack(0x0000000100e00000,0x0000000100f00000) (1024K)]
  0x000001524c152180 JavaThread "Finalizer"                  daemon [_thread_blocked, id=7024, stack(0x0000000100f00000,0x0000000101000000) (1024K)]
  0x000001524c154400 JavaThread "Signal Dispatcher"          daemon [_thread_blocked, id=7900, stack(0x0000000101000000,0x0000000101100000) (1024K)]
  0x000001524c157fd0 JavaThread "Attach Listener"            daemon [_thread_blocked, id=2752, stack(0x0000000101100000,0x0000000101200000) (1024K)]
  0x000001524c159520 JavaThread "Service Thread"             daemon [_thread_blocked, id=8944, stack(0x0000000101200000,0x0000000101300000) (1024K)]
  0x000001524c15ddc0 JavaThread "Monitor Deflation Thread"   daemon [_thread_blocked, id=476, stack(0x0000000101300000,0x0000000101400000) (1024K)]
  0x000001524c15f2e0 JavaThread "C2 CompilerThread0"         daemon [_thread_blocked, id=13224, stack(0x0000000101400000,0x0000000101500000) (1024K)]
  0x000001524c163020 JavaThread "C1 CompilerThread0"         daemon [_thread_blocked, id=3632, stack(0x0000000101500000,0x0000000101600000) (1024K)]
  0x000001524c2a3f40 JavaThread "Notification Thread"        daemon [_thread_blocked, id=10408, stack(0x0000000101600000,0x0000000101700000) (1024K)]
  0x000001524c2a52f0 JavaThread "Common-Cleaner"             daemon [_thread_blocked, id=9904, stack(0x0000000101700000,0x0000000101800000) (1024K)]
Total: 11

Other Threads:
=>0x000001524c131660 VMThread "VM Thread"                           [id=968, stack(0x0000000100d00000,0x0000000100e00000) (1024K)]
  0x000001524c121dc0 WatcherThread "VM Periodic Task Thread"        [id=13256, stack(0x0000000100c00000,0x0000000100d00000) (1024K)]
  0x000001522fe27d70 WorkerThread "GC Thread#0"                     [id=3316, stack(0x0000000100700000,0x0000000100800000) (1024K)]
  0x000001524c443c50 WorkerThread "GC Thread#1"                     [id=5832, stack(0x0000000101800000,0x0000000101900000) (1024K)]
  0x000001524c443ff0 WorkerThread "GC Thread#2"                     [id=596, stack(0x0000000101900000,0x0000000101a00000) (1024K)]
  0x000001524c836220 WorkerThread "GC Thread#3"                     [id=7204, stack(0x0000000101a00000,0x0000000101b00000) (1024K)]
  0x000001522fe38ad0 ConcurrentGCThread "G1 Main Marker"            [id=12988, stack(0x0000000100800000,0x0000000100900000) (1024K)]
  0x000001522fe395d0 WorkerThread "G1 Conc#0"                       [id=9092, stack(0x0000000100900000,0x0000000100a00000) (1024K)]
  0x000001524bfe4bd0 ConcurrentGCThread "G1 Refine#0"               [id=7468, stack(0x0000000100a00000,0x0000000100b00000) (1024K)]
  0x000001522fe9d810 ConcurrentGCThread "G1 Service"                [id=4948, stack(0x0000000100b00000,0x0000000100c00000) (1024K)]
Total: 10

Threads with active compile tasks:
Total: 0

VM state: at safepoint (normal execution)

VM Mutex/Monitor currently owned by a thread:  ([mutex/lock_event])
[0x00007ffd62c0a7c8] Threads_lock - owner thread: 0x000001524c131660
[0x00007ffd62c0a8c8] Heap_lock - owner thread: 0x000001522fdd3880

Heap address: 0x0000000081400000, size: 2028 MB, Compressed Oops mode: 32-bit

CDS archive(s) mapped at: [0x000001524d000000-0x000001524dc80000-0x000001524dc80000), size 13107200, SharedBaseAddress: 0x000001524d000000, ArchiveRelocationMode: 1.
Compressed class space mapped at: 0x000001524e000000-0x000001528e000000, reserved size: 1073741824
Narrow klass base: 0x000001524d000000, Narrow klass shift: 0, Narrow klass range: 0x100000000

GC Precious Log:
 CardTable entry size: 512
 Card Set container configuration: InlinePtr #cards 5 size 8 Array Of Cards #cards 12 size 40 Howl #buckets 4 coarsen threshold 1843 Howl Bitmap #cards 512 size 80 coarsen threshold 460 Card regions per heap region 1 cards per card region 2048
 CPUs: 4 total, 4 available
 Memory: 8107M
 Large Page Support: Disabled
 NUMA Support: Disabled
 Compressed Oops: Enabled (32-bit)
 Heap Region Size: 1M
 Heap Min Capacity: 8M
 Heap Initial Capacity: 128M
 Heap Max Capacity: 2028M
 Pre-touch: Disabled
 Parallel Workers: 4
 Concurrent Workers: 1
 Concurrent Refinement Workers: 4
 Periodic GC: Disabled

Heap:
 garbage-first heap   total 131072K, used 49152K [0x0000000081400000, 0x0000000100000000)
  region size 1024K, 3 young (3072K), 3 survivors (3072K)
 Metaspace       used 6600K, committed 6784K, reserved 1114112K
  class space    used 615K, committed 704K, reserved 1048576K

Heap Regions: E=young(eden), S=young(survivor), O=old, HS=humongous(starts), HC=humongous(continues), CS=collection set, F=free, TAMS=top-at-mark-start, PB=parsable bottom
|   0|0x0000000081400000, 0x0000000081500000, 0x0000000081500000|100%|HS|  |TAMS 0x0000000081400000| PB 0x0000000081400000| Complete 
|   1|0x0000000081500000, 0x0000000081600000, 0x0000000081600000|100%|HC|  |TAMS 0x0000000081500000| PB 0x0000000081500000| Complete 
|   2|0x0000000081600000, 0x0000000081700000, 0x0000000081700000|100%|HC|  |TAMS 0x0000000081600000| PB 0x0000000081600000| Complete 
|   3|0x0000000081700000, 0x0000000081800000, 0x0000000081800000|100%| O|  |TAMS 0x0000000081700000| PB 0x0000000081700000| Untracked 
|   4|0x0000000081800000, 0x0000000081900000, 0x0000000081900000|100%| O|  |TAMS 0x0000000081800000| PB 0x0000000081800000| Untracked 
|   5|0x0000000081900000, 0x0000000081a00000, 0x0000000081a00000|100%| O|  |TAMS 0x0000000081900000| PB 0x0000000081900000| Untracked 
|   6|0x0000000081a00000, 0x0000000081b00000, 0x0000000081b00000|100%| O|  |TAMS 0x0000000081a00000| PB 0x0000000081a00000| Untracked 
|   7|0x0000000081b00000, 0x0000000081c00000, 0x0000000081c00000|100%|HS|  |TAMS 0x0000000081b00000| PB 0x0000000081b00000| Complete 
|   8|0x0000000081c00000, 0x0000000081d00000, 0x0000000081d00000|100%|HC|  |TAMS 0x0000000081c00000| PB 0x0000000081c00000| Complete 
|   9|0x0000000081d00000, 0x0000000081e00000, 0x0000000081e00000|100%|HC|  |TAMS 0x0000000081d00000| PB 0x0000000081d00000| Complete 
|  10|0x0000000081e00000, 0x0000000081f00000, 0x0000000081f00000|100%|HC|  |TAMS 0x0000000081e00000| PB 0x0000000081e00000| Complete 
|  11|0x0000000081f00000, 0x0000000082000000, 0x0000000082000000|100%| O|  |TAMS 0x0000000081f00000| PB 0x0000000081f00000| Untracked 
|  12|0x0000000082000000, 0x0000000082100000, 0x0000000082100000|100%| O|  |TAMS 0x0000000082000000| PB 0x0000000082000000| Untracked 
|  13|0x0000000082100000, 0x0000000082200000, 0x0000000082200000|100%|HS|  |TAMS 0x0000000082100000| PB 0x0000000082100000| Complete 
|  14|0x0000000082200000, 0x0000000082300000, 0x0000000082300000|100%|HC|  |TAMS 0x0000000082200000| PB 0x0000000082200000| Complete 
|  15|0x0000000082300000, 0x0000000082400000, 0x0000000082400000|100%|HC|  |TAMS 0x0000000082300000| PB 0x0000000082300000| Complete 
|  16|0x0000000082400000, 0x0000000082500000, 0x0000000082500000|100%|HC|  |TAMS 0x0000000082400000| PB 0x0000000082400000| Complete 
|  17|0x0000000082500000, 0x0000000082600000, 0x0000000082600000|100%|HS|  |TAMS 0x0000000082500000| PB 0x0000000082500000| Complete 
|  18|0x0000000082600000, 0x0000000082700000, 0x0000000082700000|100%|HC|  |TAMS 0x0000000082600000| PB 0x0000000082600000| Complete 
|  19|0x0000000082700000, 0x0000000082800000, 0x0000000082800000|100%|HC|  |TAMS 0x0000000082700000| PB 0x0000000082700000| Complete 
|  20|0x0000000082800000, 0x0000000082900000, 0x0000000082900000|100%|HC|  |TAMS 0x0000000082800000| PB 0x0000000082800000| Complete 
|  21|0x0000000082900000, 0x0000000082a00000, 0x0000000082a00000|100%| O|  |TAMS 0x0000000082900000| PB 0x0000000082900000| Untracked 
|  22|0x0000000082a00000, 0x0000000082b00000, 0x0000000082b00000|100%| O|  |TAMS 0x0000000082a00000| PB 0x0000000082a00000| Untracked 
|  23|0x0000000082b00000, 0x0000000082c00000, 0x0000000082c00000|100%| O|  |TAMS 0x0000000082b00000| PB 0x0000000082b00000| Untracked 
|  24|0x0000000082c00000, 0x0000000082d00000, 0x0000000082d00000|100%| O|  |TAMS 0x0000000082c00000| PB 0x0000000082c00000| Untracked 
|  25|0x0000000082d00000, 0x0000000082e00000, 0x0000000082e00000|100%| O|  |TAMS 0x0000000082d00000| PB 0x0000000082d00000| Untracked 
|  26|0x0000000082e00000, 0x0000000082f00000, 0x0000000082f00000|100%| O|  |TAMS 0x0000000082e00000| PB 0x0000000082e00000| Untracked 
|  27|0x0000000082f00000, 0x0000000083000000, 0x0000000083000000|100%| O|  |TAMS 0x0000000082f00000| PB 0x0000000082f00000| Untracked 
|  28|0x0000000083000000, 0x0000000083100000, 0x0000000083100000|100%| O|  |TAMS 0x0000000083000000| PB 0x0000000083000000| Untracked 
|  29|0x0000000083100000, 0x0000000083200000, 0x0000000083200000|100%| O|  |TAMS 0x0000000083100000| PB 0x0000000083100000| Untracked 
|  30|0x0000000083200000, 0x0000000083300000, 0x0000000083300000|100%| O|  |TAMS 0x0000000083200000| PB 0x0000000083200000| Untracked 
|  31|0x0000000083300000, 0x0000000083400000, 0x0000000083400000|100%| O|  |TAMS 0x0000000083300000| PB 0x0000000083300000| Untracked 
|  32|0x0000000083400000, 0x0000000083500000, 0x0000000083500000|100%| O|  |TAMS 0x0000000083400000| PB 0x0000000083400000| Untracked 
|  33|0x0000000083500000, 0x0000000083600000, 0x0000000083600000|100%| O|  |TAMS 0x0000000083500000| PB 0x0000000083500000| Untracked 
|  34|0x0000000083600000, 0x0000000083700000, 0x0000000083700000|100%| O|  |TAMS 0x0000000083600000| PB 0x0000000083600000| Untracked 
|  35|0x0000000083700000, 0x0000000083800000, 0x0000000083800000|100%| O|  |TAMS 0x0000000083700000| PB 0x0000000083700000| Untracked 
|  36|0x0000000083800000, 0x0000000083900000, 0x0000000083900000|100%| O|  |TAMS 0x0000000083800000| PB 0x0000000083800000| Untracked 
|  37|0x0000000083900000, 0x0000000083a00000, 0x0000000083a00000|100%| O|  |TAMS 0x0000000083900000| PB 0x0000000083900000| Untracked 
|  38|0x0000000083a00000, 0x0000000083b00000, 0x0000000083b00000|100%| O|  |TAMS 0x0000000083a00000| PB 0x0000000083a00000| Untracked 
|  39|0x0000000083b00000, 0x0000000083c00000, 0x0000000083c00000|100%| O|  |TAMS 0x0000000083b00000| PB 0x0000000083b00000| Untracked 
|  40|0x0000000083c00000, 0x0000000083d00000, 0x0000000083d00000|100%|HS|  |TAMS 0x0000000083c00000| PB 0x0000000083c00000| Complete 
|  41|0x0000000083d00000, 0x0000000083e00000, 0x0000000083e00000|100%| O|  |TAMS 0x0000000083d00000| PB 0x0000000083d00000| Untracked 
|  42|0x0000000083e00000, 0x0000000083f00000, 0x0000000083f00000|100%| O|  |TAMS 0x0000000083e00000| PB 0x0000000083e00000| Untracked 
|  43|0x0000000083f00000, 0x0000000084000000, 0x0000000084000000|100%| O|  |TAMS 0x0000000083f00000| PB 0x0000000083f00000| Untracked 
|  44|0x0000000084000000, 0x0000000084100000, 0x0000000084100000|100%| O|  |TAMS 0x0000000084000000| PB 0x0000000084000000| Untracked 
|  45|0x0000000084100000, 0x0000000084100000, 0x0000000084200000|  0%| F|  |TAMS 0x0000000084100000| PB 0x0000000084100000| Untracked 
|  46|0x0000000084200000, 0x0000000084200000, 0x0000000084300000|  0%| F|  |TAMS 0x0000000084200000| PB 0x0000000084200000| Untracked 
|  47|0x0000000084300000, 0x0000000084300000, 0x0000000084400000|  0%| F|  |TAMS 0x0000000084300000| PB 0x0000000084300000| Untracked 
|  48|0x0000000084400000, 0x0000000084400000, 0x0000000084500000|  0%| F|  |TAMS 0x0000000084400000| PB 0x0000000084400000| Untracked 
|  49|0x0000000084500000, 0x0000000084500000, 0x0000000084600000|  0%| F|  |TAMS 0x0000000084500000| PB 0x0000000084500000| Untracked 
|  50|0x0000000084600000, 0x0000000084600000, 0x0000000084700000|  0%| F|  |TAMS 0x0000000084600000| PB 0x0000000084600000| Untracked 
|  51|0x0000000084700000, 0x0000000084700000, 0x0000000084800000|  0%| F|  |TAMS 0x0000000084700000| PB 0x0000000084700000| Untracked 
|  52|0x0000000084800000, 0x0000000084800000, 0x0000000084900000|  0%| F|  |TAMS 0x0000000084800000| PB 0x0000000084800000| Untracked 
|  53|0x0000000084900000, 0x0000000084900000, 0x0000000084a00000|  0%| F|  |TAMS 0x0000000084900000| PB 0x0000000084900000| Untracked 
|  54|0x0000000084a00000, 0x0000000084a00000, 0x0000000084b00000|  0%| F|  |TAMS 0x0000000084a00000| PB 0x0000000084a00000| Untracked 
|  55|0x0000000084b00000, 0x0000000084b00000, 0x0000000084c00000|  0%| F|  |TAMS 0x0000000084b00000| PB 0x0000000084b00000| Untracked 
|  56|0x0000000084c00000, 0x0000000084c00000, 0x0000000084d00000|  0%| F|  |TAMS 0x0000000084c00000| PB 0x0000000084c00000| Untracked 
|  57|0x0000000084d00000, 0x0000000084d00000, 0x0000000084e00000|  0%| F|  |TAMS 0x0000000084d00000| PB 0x0000000084d00000| Untracked 
|  58|0x0000000084e00000, 0x0000000084e00000, 0x0000000084f00000|  0%| F|  |TAMS 0x0000000084e00000| PB 0x0000000084e00000| Untracked 
|  59|0x0000000084f00000, 0x0000000084f00000, 0x0000000085000000|  0%| F|  |TAMS 0x0000000084f00000| PB 0x0000000084f00000| Untracked 
|  60|0x0000000085000000, 0x0000000085000000, 0x0000000085100000|  0%| F|  |TAMS 0x0000000085000000| PB 0x0000000085000000| Untracked 
|  61|0x0000000085100000, 0x0000000085100000, 0x0000000085200000|  0%| F|  |TAMS 0x0000000085100000| PB 0x0000000085100000| Untracked 
|  62|0x0000000085200000, 0x0000000085200000, 0x0000000085300000|  0%| F|  |TAMS 0x0000000085200000| PB 0x0000000085200000| Untracked 
|  63|0x0000000085300000, 0x0000000085300000, 0x0000000085400000|  0%| F|  |TAMS 0x0000000085300000| PB 0x0000000085300000| Untracked 
|  64|0x0000000085400000, 0x0000000085400000, 0x0000000085500000|  0%| F|  |TAMS 0x0000000085400000| PB 0x0000000085400000| Untracked 
|  65|0x0000000085500000, 0x0000000085500000, 0x0000000085600000|  0%| F|  |TAMS 0x0000000085500000| PB 0x0000000085500000| Untracked 
|  66|0x0000000085600000, 0x0000000085600000, 0x0000000085700000|  0%| F|  |TAMS 0x0000000085600000| PB 0x0000000085600000| Untracked 
|  67|0x0000000085700000, 0x0000000085700000, 0x0000000085800000|  0%| F|  |TAMS 0x0000000085700000| PB 0x0000000085700000| Untracked 
|  68|0x0000000085800000, 0x0000000085800000, 0x0000000085900000|  0%| F|  |TAMS 0x0000000085800000| PB 0x0000000085800000| Untracked 
|  69|0x0000000085900000, 0x0000000085900000, 0x0000000085a00000|  0%| F|  |TAMS 0x0000000085900000| PB 0x0000000085900000| Untracked 
|  70|0x0000000085a00000, 0x0000000085a00000, 0x0000000085b00000|  0%| F|  |TAMS 0x0000000085a00000| PB 0x0000000085a00000| Untracked 
|  71|0x0000000085b00000, 0x0000000085b00000, 0x0000000085c00000|  0%| F|  |TAMS 0x0000000085b00000| PB 0x0000000085b00000| Untracked 
|  72|0x0000000085c00000, 0x0000000085c00000, 0x0000000085d00000|  0%| F|  |TAMS 0x0000000085c00000| PB 0x0000000085c00000| Untracked 
|  73|0x0000000085d00000, 0x0000000085d00000, 0x0000000085e00000|  0%| F|  |TAMS 0x0000000085d00000| PB 0x0000000085d00000| Untracked 
|  74|0x0000000085e00000, 0x0000000085e00000, 0x0000000085f00000|  0%| F|  |TAMS 0x0000000085e00000| PB 0x0000000085e00000| Untracked 
|  75|0x0000000085f00000, 0x0000000085f00000, 0x0000000086000000|  0%| F|  |TAMS 0x0000000085f00000| PB 0x0000000085f00000| Untracked 
|  76|0x0000000086000000, 0x0000000086000000, 0x0000000086100000|  0%| F|  |TAMS 0x0000000086000000| PB 0x0000000086000000| Untracked 
|  77|0x0000000086100000, 0x0000000086100000, 0x0000000086200000|  0%| F|  |TAMS 0x0000000086100000| PB 0x0000000086100000| Untracked 
|  78|0x0000000086200000, 0x0000000086200000, 0x0000000086300000|  0%| F|  |TAMS 0x0000000086200000| PB 0x0000000086200000| Untracked 
|  79|0x0000000086300000, 0x0000000086300000, 0x0000000086400000|  0%| F|  |TAMS 0x0000000086300000| PB 0x0000000086300000| Untracked 
|  80|0x0000000086400000, 0x0000000086400000, 0x0000000086500000|  0%| F|  |TAMS 0x0000000086400000| PB 0x0000000086400000| Untracked 
|  81|0x0000000086500000, 0x0000000086500000, 0x0000000086600000|  0%| F|  |TAMS 0x0000000086500000| PB 0x0000000086500000| Untracked 
|  82|0x0000000086600000, 0x0000000086600000, 0x0000000086700000|  0%| F|  |TAMS 0x0000000086600000| PB 0x0000000086600000| Untracked 
|  83|0x0000000086700000, 0x0000000086700000, 0x0000000086800000|  0%| F|  |TAMS 0x0000000086700000| PB 0x0000000086700000| Untracked 
|  84|0x0000000086800000, 0x0000000086800000, 0x0000000086900000|  0%| F|  |TAMS 0x0000000086800000| PB 0x0000000086800000| Untracked 
|  85|0x0000000086900000, 0x0000000086900000, 0x0000000086a00000|  0%| F|  |TAMS 0x0000000086900000| PB 0x0000000086900000| Untracked 
|  86|0x0000000086a00000, 0x0000000086a00000, 0x0000000086b00000|  0%| F|  |TAMS 0x0000000086a00000| PB 0x0000000086a00000| Untracked 
|  87|0x0000000086b00000, 0x0000000086b00000, 0x0000000086c00000|  0%| F|  |TAMS 0x0000000086b00000| PB 0x0000000086b00000| Untracked 
|  88|0x0000000086c00000, 0x0000000086c00000, 0x0000000086d00000|  0%| F|  |TAMS 0x0000000086c00000| PB 0x0000000086c00000| Untracked 
|  89|0x0000000086d00000, 0x0000000086d00000, 0x0000000086e00000|  0%| F|  |TAMS 0x0000000086d00000| PB 0x0000000086d00000| Untracked 
|  90|0x0000000086e00000, 0x0000000086e00000, 0x0000000086f00000|  0%| F|  |TAMS 0x0000000086e00000| PB 0x0000000086e00000| Untracked 
|  91|0x0000000086f00000, 0x0000000086f00000, 0x0000000087000000|  0%| F|  |TAMS 0x0000000086f00000| PB 0x0000000086f00000| Untracked 
|  92|0x0000000087000000, 0x0000000087000000, 0x0000000087100000|  0%| F|  |TAMS 0x0000000087000000| PB 0x0000000087000000| Untracked 
|  93|0x0000000087100000, 0x0000000087100000, 0x0000000087200000|  0%| F|  |TAMS 0x0000000087100000| PB 0x0000000087100000| Untracked 
|  94|0x0000000087200000, 0x0000000087200000, 0x0000000087300000|  0%| F|  |TAMS 0x0000000087200000| PB 0x0000000087200000| Untracked 
|  95|0x0000000087300000, 0x0000000087300000, 0x0000000087400000|  0%| F|  |TAMS 0x0000000087300000| PB 0x0000000087300000| Untracked 
|  96|0x0000000087400000, 0x0000000087400000, 0x0000000087500000|  0%| F|  |TAMS 0x0000000087400000| PB 0x0000000087400000| Untracked 
|  97|0x0000000087500000, 0x0000000087500000, 0x0000000087600000|  0%| F|  |TAMS 0x0000000087500000| PB 0x0000000087500000| Untracked 
|  98|0x0000000087600000, 0x0000000087600000, 0x0000000087700000|  0%| F|  |TAMS 0x0000000087600000| PB 0x0000000087600000| Untracked 
|  99|0x0000000087700000, 0x0000000087700000, 0x0000000087800000|  0%| F|  |TAMS 0x0000000087700000| PB 0x0000000087700000| Untracked 
| 100|0x0000000087800000, 0x0000000087800000, 0x0000000087900000|  0%| F|  |TAMS 0x0000000087800000| PB 0x0000000087800000| Untracked 
| 101|0x0000000087900000, 0x0000000087900000, 0x0000000087a00000|  0%| F|  |TAMS 0x0000000087900000| PB 0x0000000087900000| Untracked 
| 102|0x0000000087a00000, 0x0000000087a00000, 0x0000000087b00000|  0%| F|  |TAMS 0x0000000087a00000| PB 0x0000000087a00000| Untracked 
| 103|0x0000000087b00000, 0x0000000087b00000, 0x0000000087c00000|  0%| F|  |TAMS 0x0000000087b00000| PB 0x0000000087b00000| Untracked 
| 104|0x0000000087c00000, 0x0000000087c00000, 0x0000000087d00000|  0%| F|  |TAMS 0x0000000087c00000| PB 0x0000000087c00000| Untracked 
| 105|0x0000000087d00000, 0x0000000087d00000, 0x0000000087e00000|  0%| F|  |TAMS 0x0000000087d00000| PB 0x0000000087d00000| Untracked 
| 106|0x0000000087e00000, 0x0000000087e00000, 0x0000000087f00000|  0%| F|  |TAMS 0x0000000087e00000| PB 0x0000000087e00000| Untracked 
| 107|0x0000000087f00000, 0x0000000087f00000, 0x0000000088000000|  0%| F|  |TAMS 0x0000000087f00000| PB 0x0000000087f00000| Untracked 
| 108|0x0000000088000000, 0x0000000088100000, 0x0000000088100000|100%| S|CS|TAMS 0x0000000088000000| PB 0x0000000088000000| Complete 
| 109|0x0000000088100000, 0x0000000088200000, 0x0000000088200000|100%| S|CS|TAMS 0x0000000088100000| PB 0x0000000088100000| Complete 
| 110|0x0000000088200000, 0x0000000088300000, 0x0000000088300000|100%| S|CS|TAMS 0x0000000088200000| PB 0x0000000088200000| Complete 
| 111|0x0000000088300000, 0x0000000088300000, 0x0000000088400000|  0%| F|  |TAMS 0x0000000088300000| PB 0x0000000088300000| Untracked 
| 112|0x0000000088400000, 0x0000000088400000, 0x0000000088500000|  0%| F|  |TAMS 0x0000000088400000| PB 0x0000000088400000| Untracked 
| 113|0x0000000088500000, 0x0000000088500000, 0x0000000088600000|  0%| F|  |TAMS 0x0000000088500000| PB 0x0000000088500000| Untracked 
| 114|0x0000000088600000, 0x0000000088600000, 0x0000000088700000|  0%| F|  |TAMS 0x0000000088600000| PB 0x0000000088600000| Untracked 
| 115|0x0000000088700000, 0x0000000088700000, 0x0000000088800000|  0%| F|  |TAMS 0x0000000088700000| PB 0x0000000088700000| Untracked 
| 116|0x0000000088800000, 0x0000000088800000, 0x0000000088900000|  0%| F|  |TAMS 0x0000000088800000| PB 0x0000000088800000| Untracked 
| 117|0x0000000088900000, 0x0000000088900000, 0x0000000088a00000|  0%| F|  |TAMS 0x0000000088900000| PB 0x0000000088900000| Untracked 
| 118|0x0000000088a00000, 0x0000000088a00000, 0x0000000088b00000|  0%| F|  |TAMS 0x0000000088a00000| PB 0x0000000088a00000| Untracked 
| 119|0x0000000088b00000, 0x0000000088b00000, 0x0000000088c00000|  0%| F|  |TAMS 0x0000000088b00000| PB 0x0000000088b00000| Untracked 
| 120|0x0000000088c00000, 0x0000000088c00000, 0x0000000088d00000|  0%| F|  |TAMS 0x0000000088c00000| PB 0x0000000088c00000| Untracked 
| 121|0x0000000088d00000, 0x0000000088d00000, 0x0000000088e00000|  0%| F|  |TAMS 0x0000000088d00000| PB 0x0000000088d00000| Untracked 
| 122|0x0000000088e00000, 0x0000000088e00000, 0x0000000088f00000|  0%| F|  |TAMS 0x0000000088e00000| PB 0x0000000088e00000| Untracked 
| 123|0x0000000088f00000, 0x0000000088f00000, 0x0000000089000000|  0%| F|  |TAMS 0x0000000088f00000| PB 0x0000000088f00000| Untracked 
| 124|0x0000000089000000, 0x0000000089000000, 0x0000000089100000|  0%| F|  |TAMS 0x0000000089000000| PB 0x0000000089000000| Untracked 
| 125|0x0000000089100000, 0x0000000089100000, 0x0000000089200000|  0%| F|  |TAMS 0x0000000089100000| PB 0x0000000089100000| Untracked 
| 126|0x0000000089200000, 0x0000000089200000, 0x0000000089300000|  0%| F|  |TAMS 0x0000000089200000| PB 0x0000000089200000| Untracked 
| 127|0x0000000089300000, 0x0000000089300000, 0x0000000089400000|  0%| F|  |TAMS 0x0000000089300000| PB 0x0000000089300000| Untracked 

Card table byte_map: [0x00000152478e0000,0x0000015247ce0000] _byte_map_base: 0x00000152474d6000

Marking Bits: (CMBitMap*) 0x000001522fe28470
 Bits: [0x0000015247ce0000, 0x0000015249c90000)

Polling page: 0x000001522dc30000

Metaspace:

Usage:
  Non-class:      5.84 MB used.
      Class:    615.88 KB used.
       Both:      6.45 MB used.

Virtual space:
  Non-class space:       64.00 MB reserved,       5.94 MB (  9%) committed,  1 nodes.
      Class space:        1.00 GB reserved,     704.00 KB ( <1%) committed,  1 nodes.
             Both:        1.06 GB reserved,       6.62 MB ( <1%) committed. 

Chunk freelists:
   Non-Class:  9.92 MB
       Class:  15.36 MB
        Both:  25.28 MB

MaxMetaspaceSize: unlimited
CompressedClassSpaceSize: 1.00 GB
Initial GC threshold: 21.00 MB
Current GC threshold: 21.00 MB
CDS: on
 - commit_granule_bytes: 65536.
 - commit_granule_words: 8192.
 - virtual_space_node_default_size: 8388608.
 - enlarge_chunks_in_place: 1.
 - use_allocation_guard: 0.


Internal statistics:

num_allocs_failed_limit: 0.
num_arena_births: 100.
num_arena_deaths: 0.
num_vsnodes_births: 2.
num_vsnodes_deaths: 0.
num_space_committed: 106.
num_space_uncommitted: 0.
num_chunks_returned_to_freelist: 0.
num_chunks_taken_from_freelist: 217.
num_chunk_merges: 0.
num_chunk_splits: 146.
num_chunks_enlarged: 97.
num_inconsistent_stats: 0.

CodeHeap 'non-profiled nmethods': size=120000Kb used=578Kb max_used=578Kb free=119421Kb
 bounds [0x000001523ffb0000, 0x0000015240220000, 0x00000152474e0000]
CodeHeap 'profiled nmethods': size=120000Kb used=2379Kb max_used=2379Kb free=117620Kb
 bounds [0x00000152384e0000, 0x0000015238750000, 0x000001523fa10000]
CodeHeap 'non-nmethods': size=5760Kb used=1362Kb max_used=1378Kb free=4397Kb
 bounds [0x000001523fa10000, 0x000001523fc80000, 0x000001523ffb0000]
CodeCache: size=245760Kb, used=4319Kb, max_used=4335Kb, free=241438Kb
 total_blobs=1774, nmethods=1309, adapters=370, full_count=0
Compilation: enabled, stopped_count=0, restarted_count=0

Compilation events (20 events):
Event: 2.575 Thread 0x000001524c163020 1301       3       java.security.CodeSource::matchCerts (254 bytes)
Event: 2.576 Thread 0x000001524c163020 nmethod 1301 0x000001523872ed90 code [0x000001523872f000, 0x000001523872fac0]
Event: 2.576 Thread 0x000001524c163020 1303       3       com.google.common.collect.ImmutableCollection::<init> (5 bytes)
Event: 2.576 Thread 0x000001524c163020 nmethod 1303 0x000001523872fe90 code [0x0000015238730040, 0x0000015238730208]
Event: 2.576 Thread 0x000001524c163020 1302       3       com.google.common.collect.ImmutableList::<init> (5 bytes)
Event: 2.577 Thread 0x000001524c163020 nmethod 1302 0x0000015238730310 code [0x00000152387304c0, 0x00000152387306e8]
Event: 2.577 Thread 0x000001524c163020 1304       3       jdk.internal.util.ArraysSupport::mismatch (73 bytes)
Event: 2.577 Thread 0x000001524c163020 nmethod 1304 0x0000015238730810 code [0x0000015238730a00, 0x0000015238730df0]
Event: 2.577 Thread 0x000001524c163020 1305       3       java.util.LinkedHashMap::values (5 bytes)
Event: 2.577 Thread 0x000001524c163020 nmethod 1305 0x0000015238731010 code [0x00000152387311c0, 0x0000015238731318]
Event: 2.577 Thread 0x000001524c163020 1306       3       java.util.LinkedHashMap::sequencedValues (31 bytes)
Event: 2.578 Thread 0x000001524c163020 nmethod 1306 0x0000015238731410 code [0x00000152387315e0, 0x0000015238731a88]
Event: 2.578 Thread 0x000001524c163020 1307       3       com.android.manifmerger.XmlElement::getMergeableElements (13 bytes)
Event: 2.578 Thread 0x000001524c163020 nmethod 1307 0x0000015238731c10 code [0x0000015238731dc0, 0x0000015238731fd0]
Event: 2.578 Thread 0x000001524c163020 1308       3       java.util.LinkedHashMap$LinkedValues::toArray (22 bytes)
Event: 2.578 Thread 0x000001524c163020 nmethod 1308 0x0000015238732090 code [0x0000015238732240, 0x0000015238732428]
Event: 2.578 Thread 0x000001524c163020 1300       3       java.security.SecureClassLoader$CodeSourceKey::equals (60 bytes)
Event: 2.579 Thread 0x000001524c15f2e0 1309       4       java.util.concurrent.ConcurrentHashMap::setTabAt (20 bytes)
Event: 2.579 Thread 0x000001524c163020 nmethod 1300 0x0000015238732510 code [0x0000015238732720, 0x0000015238732d58]
Event: 2.580 Thread 0x000001524c15f2e0 nmethod 1309 0x0000015240040690 code [0x0000015240040820, 0x0000015240040958]

GC Heap History (9 events):
Event: 0.616 GC heap before
{Heap before GC invocations=0 (full 0):
 garbage-first heap   total 131072K, used 23552K [0x0000000081400000, 0x0000000100000000)
  region size 1024K, 13 young (13312K), 0 survivors (0K)
 Metaspace       used 254K, committed 320K, reserved 1114112K
  class space    used 7K, committed 64K, reserved 1048576K
}
Event: 0.655 GC heap after
{Heap after GC invocations=1 (full 0):
 garbage-first heap   total 131072K, used 10922K [0x0000000081400000, 0x0000000100000000)
  region size 1024K, 2 young (2048K), 2 survivors (2048K)
 Metaspace       used 254K, committed 320K, reserved 1114112K
  class space    used 7K, committed 64K, reserved 1048576K
}
Event: 0.849 GC heap before
{Heap before GC invocations=1 (full 0):
 garbage-first heap   total 131072K, used 38570K [0x0000000081400000, 0x0000000100000000)
  region size 1024K, 18 young (18432K), 2 survivors (2048K)
 Metaspace       used 341K, committed 576K, reserved 1114112K
  class space    used 13K, committed 128K, reserved 1048576K
}
Event: 0.864 GC heap after
{Heap after GC invocations=2 (full 0):
 garbage-first heap   total 131072K, used 27531K [0x0000000081400000, 0x0000000100000000)
  region size 1024K, 3 young (3072K), 3 survivors (3072K)
 Metaspace       used 341K, committed 576K, reserved 1114112K
  class space    used 13K, committed 128K, reserved 1048576K
}
Event: 1.240 GC heap before
{Heap before GC invocations=2 (full 0):
 garbage-first heap   total 131072K, used 43915K [0x0000000081400000, 0x0000000100000000)
  region size 1024K, 20 young (20480K), 3 survivors (3072K)
 Metaspace       used 1657K, committed 1856K, reserved 1114112K
  class space    used 152K, committed 256K, reserved 1048576K
}
Event: 1.259 GC heap after
{Heap after GC invocations=3 (full 0):
 garbage-first heap   total 131072K, used 38400K [0x0000000081400000, 0x0000000100000000)
  region size 1024K, 3 young (3072K), 3 survivors (3072K)
 Metaspace       used 1657K, committed 1856K, reserved 1114112K
  class space    used 152K, committed 256K, reserved 1048576K
}
Event: 1.329 GC heap before
{Heap before GC invocations=3 (full 0):
 garbage-first heap   total 131072K, used 44544K [0x0000000081400000, 0x0000000100000000)
  region size 1024K, 9 young (9216K), 3 survivors (3072K)
 Metaspace       used 1660K, committed 1856K, reserved 1114112K
  class space    used 152K, committed 256K, reserved 1048576K
}
Event: 1.341 GC heap after
{Heap after GC invocations=4 (full 0):
 garbage-first heap   total 131072K, used 43008K [0x0000000081400000, 0x0000000100000000)
  region size 1024K, 2 young (2048K), 2 survivors (2048K)
 Metaspace       used 1660K, committed 1856K, reserved 1114112K
  class space    used 152K, committed 256K, reserved 1048576K
}
Event: 2.604 GC heap before
{Heap before GC invocations=4 (full 0):
 garbage-first heap   total 131072K, used 58368K [0x0000000081400000, 0x0000000100000000)
  region size 1024K, 17 young (17408K), 2 survivors (2048K)
 Metaspace       used 6600K, committed 6784K, reserved 1114112K
  class space    used 615K, committed 704K, reserved 1048576K
}

Dll operation events (6 events):
Event: 0.021 Loaded shared library C:\Program Files (x86)\Android\openjdk\jdk-21.0.8\bin\java.dll
Event: 0.093 Loaded shared library C:\Program Files (x86)\Android\openjdk\jdk-21.0.8\bin\jsvml.dll
Event: 0.145 Loaded shared library C:\Program Files (x86)\Android\openjdk\jdk-21.0.8\bin\net.dll
Event: 0.150 Loaded shared library C:\Program Files (x86)\Android\openjdk\jdk-21.0.8\bin\nio.dll
Event: 0.256 Loaded shared library C:\Program Files (x86)\Android\openjdk\jdk-21.0.8\bin\zip.dll
Event: 1.394 Loaded shared library C:\Program Files (x86)\Android\openjdk\jdk-21.0.8\bin\jimage.dll

Deoptimization events (20 events):
Event: 1.919 Thread 0x000001522fdd3880 DEOPT PACKING pc=0x0000015238584a07 sp=0x00000001006fa960
Event: 1.919 Thread 0x000001522fdd3880 DEOPT UNPACKING pc=0x000001523fa64e42 sp=0x00000001006f9df8 mode 0
Event: 1.939 Thread 0x000001522fdd3880 DEOPT PACKING pc=0x00000152385c6257 sp=0x00000001006fd4b0
Event: 1.939 Thread 0x000001522fdd3880 DEOPT UNPACKING pc=0x000001523fa64e42 sp=0x00000001006fc968 mode 0
Event: 2.341 Thread 0x000001522fdd3880 Uncommon trap: trap_request=0xffffff45 fr.pc=0x000001523ffe1dd4 relative=0x0000000000000114
Event: 2.341 Thread 0x000001522fdd3880 Uncommon trap: reason=unstable_if action=reinterpret pc=0x000001523ffe1dd4 method=java.lang.StrictMath.floorOrCeil(DDDD)D @ 90 c2
Event: 2.341 Thread 0x000001522fdd3880 DEOPT PACKING pc=0x000001523ffe1dd4 sp=0x00000001006ff180
Event: 2.341 Thread 0x000001522fdd3880 DEOPT UNPACKING pc=0x000001523fa646a2 sp=0x00000001006ff040 mode 2
Event: 2.547 Thread 0x000001522fdd3880 Uncommon trap: trap_request=0xffffff45 fr.pc=0x000001523ffe2268 relative=0x0000000000000128
Event: 2.547 Thread 0x000001522fdd3880 Uncommon trap: reason=unstable_if action=reinterpret pc=0x000001523ffe2268 method=java.lang.StrictMath.floorOrCeil(DDDD)D @ 90 c2
Event: 2.547 Thread 0x000001522fdd3880 DEOPT PACKING pc=0x000001523ffe2268 sp=0x00000001006fefa0
Event: 2.547 Thread 0x000001522fdd3880 DEOPT UNPACKING pc=0x000001523fa646a2 sp=0x00000001006fef18 mode 2
Event: 2.576 Thread 0x000001522fdd3880 Uncommon trap: trap_request=0xffffffde fr.pc=0x00000152400374d0 relative=0x00000000000002f0
Event: 2.576 Thread 0x000001522fdd3880 Uncommon trap: reason=class_check action=maybe_recompile pc=0x00000152400374d0 method=java.util.regex.Pattern$Slice.match(Ljava/util/regex/Matcher;ILjava/lang/CharSequence;)Z @ 75 c2
Event: 2.576 Thread 0x000001522fdd3880 DEOPT PACKING pc=0x00000152400374d0 sp=0x00000001006feeb0
Event: 2.576 Thread 0x000001522fdd3880 DEOPT UNPACKING pc=0x000001523fa646a2 sp=0x00000001006fee50 mode 2
Event: 2.576 Thread 0x000001522fdd3880 Uncommon trap: trap_request=0xffffffde fr.pc=0x00000152400374d0 relative=0x00000000000002f0
Event: 2.576 Thread 0x000001522fdd3880 Uncommon trap: reason=class_check action=maybe_recompile pc=0x00000152400374d0 method=java.util.regex.Pattern$Slice.match(Ljava/util/regex/Matcher;ILjava/lang/CharSequence;)Z @ 75 c2
Event: 2.576 Thread 0x000001522fdd3880 DEOPT PACKING pc=0x00000152400374d0 sp=0x00000001006feeb0
Event: 2.576 Thread 0x000001522fdd3880 DEOPT UNPACKING pc=0x000001523fa646a2 sp=0x00000001006fee50 mode 2

Classes loaded (20 events):
Event: 2.163 Loading class java/lang/invoke/MethodHandle$1
Event: 2.163 Loading class java/lang/invoke/MethodHandle$1 done
Event: 2.183 Loading class java/io/StringWriter
Event: 2.183 Loading class java/io/StringWriter done
Event: 2.184 Loading class java/net/URISyntaxException
Event: 2.184 Loading class java/net/URISyntaxException done
Event: 2.184 Loading class java/net/MalformedURLException
Event: 2.184 Loading class java/net/MalformedURLException done
Event: 2.228 Loading class java/util/NoSuchElementException
Event: 2.229 Loading class java/util/NoSuchElementException done
Event: 2.231 Loading class java/lang/invoke/DirectMethodHandle$Special
Event: 2.233 Loading class java/lang/invoke/DirectMethodHandle$Special done
Event: 2.315 Loading class java/util/ComparableTimSort
Event: 2.316 Loading class java/util/ComparableTimSort done
Event: 2.323 Loading class java/util/LinkedHashMap$LinkedValueIterator
Event: 2.324 Loading class java/util/LinkedHashMap$LinkedValueIterator done
Event: 2.556 Loading class java/util/HashMap$EntrySpliterator
Event: 2.557 Loading class java/util/HashMap$EntrySpliterator done
Event: 2.570 Loading class java/util/ConcurrentModificationException
Event: 2.571 Loading class java/util/ConcurrentModificationException done

Classes unloaded (0 events):
No events

Classes redefined (0 events):
No events

Internal exceptions (8 events):
Event: 1.087 Thread 0x000001522fdd3880 Exception <a 'java/lang/NoSuchMethodError'{0x00000000889aef90}: 'void java.lang.invoke.DirectMethodHandle$Holder.invokeVirtual(java.lang.Object, java.lang.Object)'> (0x00000000889aef90) 
thrown [s\src\hotspot\share\interpreter\linkResolver.cpp, line 773]
Event: 2.175 Thread 0x000001522fdd3880 Exception <a 'java/lang/NoSuchMethodError'{0x00000000889c51a0}: 'java.lang.Object java.lang.invoke.DirectMethodHandle$Holder.invokeInterface(java.lang.Object, java.lang.Object)'> (0x00000000889c51a0) 
thrown [s\src\hotspot\share\interpreter\linkResolver.cpp, line 773]
Event: 2.549 Thread 0x000001522fdd3880 Exception <a 'java/lang/NoSuchMethodError'{0x000000008846d900}: 'void java.lang.invoke.DirectMethodHandle$Holder.invokeStatic(java.lang.Object, java.lang.Object, java.lang.Object)'> (0x000000008846d900) 
thrown [s\src\hotspot\share\interpreter\linkResolver.cpp, line 773]
Event: 2.557 Thread 0x000001522fdd3880 Exception <a 'java/lang/NoSuchMethodError'{0x0000000088487708}: 'java.lang.Object java.lang.invoke.DirectMethodHandle$Holder.invokeVirtual(java.lang.Object, java.lang.Object, java.lang.Object)'> (0x0000000088487708) 
thrown [s\src\hotspot\share\interpreter\linkResolver.cpp, line 773]
Event: 2.562 Thread 0x000001522fdd3880 Exception <a 'java/lang/NoSuchMethodError'{0x00000000884a2980}: 'java.lang.Object java.lang.invoke.DirectMethodHandle$Holder.newInvokeSpecial(java.lang.Object, java.lang.Object, java.lang.Object, int)'> (0x00000000884a2980) 
thrown [s\src\hotspot\share\interpreter\linkResolver.cpp, line 773]
Event: 2.563 Thread 0x000001522fdd3880 Exception <a 'java/lang/NoSuchMethodError'{0x00000000884a6b70}: 'java.lang.Object java.lang.invoke.DirectMethodHandle$Holder.invokeSpecial(java.lang.Object, java.lang.Object, java.lang.Object, java.lang.Object, int)'> (0x00000000884a6b70) 
thrown [s\src\hotspot\share\interpreter\linkResolver.cpp, line 773]
Event: 2.564 Thread 0x000001522fdd3880 Exception <a 'java/lang/NoSuchMethodError'{0x00000000884aa228}: 'java.lang.Object java.lang.invoke.Invokers$Holder.linkToTargetMethod(java.lang.Object, java.lang.Object, int, java.lang.Object)'> (0x00000000884aa228) 
thrown [s\src\hotspot\share\interpreter\linkResolver.cpp, line 773]
Event: 2.565 Thread 0x000001522fdd3880 Exception <a 'java/lang/NoSuchMethodError'{0x00000000884adb58}: 'void java.lang.invoke.DirectMethodHandle$Holder.invokeStatic(java.lang.Object, java.lang.Object, java.lang.Object, java.lang.Object)'> (0x00000000884adb58) 
thrown [s\src\hotspot\share\interpreter\linkResolver.cpp, line 773]

ZGC Phase Switch (0 events):
No events

VM Operations (17 events):
Event: 0.378 Executing VM operation: HandshakeAllThreads (Deoptimize)
Event: 0.379 Executing VM operation: HandshakeAllThreads (Deoptimize) done
Event: 0.615 Executing VM operation: G1CollectForAllocation (G1 Evacuation Pause)
Event: 0.655 Executing VM operation: G1CollectForAllocation (G1 Evacuation Pause) done
Event: 0.849 Executing VM operation: G1CollectForAllocation (G1 Evacuation Pause)
Event: 0.864 Executing VM operation: G1CollectForAllocation (G1 Evacuation Pause) done
Event: 1.048 Executing VM operation: HandshakeAllThreads (Deoptimize)
Event: 1.048 Executing VM operation: HandshakeAllThreads (Deoptimize) done
Event: 1.049 Executing VM operation: HandshakeAllThreads (Deoptimize)
Event: 1.049 Executing VM operation: HandshakeAllThreads (Deoptimize) done
Event: 1.240 Executing VM operation: G1CollectForAllocation (G1 Evacuation Pause)
Event: 1.259 Executing VM operation: G1CollectForAllocation (G1 Evacuation Pause) done
Event: 1.329 Executing VM operation: G1CollectForAllocation (G1 Evacuation Pause)
Event: 1.341 Executing VM operation: G1CollectForAllocation (G1 Evacuation Pause) done
Event: 2.001 Executing VM operation: HandshakeAllThreads (Deoptimize)
Event: 2.001 Executing VM operation: HandshakeAllThreads (Deoptimize) done
Event: 2.604 Executing VM operation: G1CollectForAllocation (G1 Evacuation Pause)

Memory protections (0 events):
No events

Nmethod flushes (0 events):
No events

Events (11 events):
Event: 0.055 Thread 0x000001522fdd3880 Thread added: 0x000001522fdd3880
Event: 0.087 Thread 0x000001522fdd3880 Thread added: 0x000001524c1510c0
Event: 0.087 Thread 0x000001522fdd3880 Thread added: 0x000001524c152180
Event: 0.087 Thread 0x000001522fdd3880 Thread added: 0x000001524c154400
Event: 0.087 Thread 0x000001522fdd3880 Thread added: 0x000001524c157fd0
Event: 0.088 Thread 0x000001522fdd3880 Thread added: 0x000001524c159520
Event: 0.088 Thread 0x000001522fdd3880 Thread added: 0x000001524c15ddc0
Event: 0.088 Thread 0x000001522fdd3880 Thread added: 0x000001524c15f2e0
Event: 0.088 Thread 0x000001522fdd3880 Thread added: 0x000001524c163020
Event: 0.129 Thread 0x000001522fdd3880 Thread added: 0x000001524c2a3f40
Event: 0.137 Thread 0x000001522fdd3880 Thread added: 0x000001524c2a52f0


Dynamic libraries:
0x00007ff6a9870000 - 0x00007ff6a987e000 	C:\Program Files (x86)\Android\openjdk\jdk-21.0.8\bin\java.exe
0x00007ffe83a10000 - 0x00007ffe83c08000 	C:\Windows\SYSTEM32\ntdll.dll
0x00007ffe82b70000 - 0x00007ffe82c32000 	C:\Windows\System32\KERNEL32.DLL
0x00007ffe81370000 - 0x00007ffe81666000 	C:\Windows\System32\KERNELBASE.dll
0x00007ffe81860000 - 0x00007ffe81960000 	C:\Windows\System32\ucrtbase.dll
0x00007ffe5ea10000 - 0x00007ffe5ea2e000 	C:\Program Files (x86)\Android\openjdk\jdk-21.0.8\bin\VCRUNTIME140.dll
0x00007ffe4fd50000 - 0x00007ffe4fd68000 	C:\Program Files (x86)\Android\openjdk\jdk-21.0.8\bin\jli.dll
0x00007ffe82f20000 - 0x00007ffe830c1000 	C:\Windows\System32\USER32.dll
0x00007ffe81130000 - 0x00007ffe81152000 	C:\Windows\System32\win32u.dll
0x00007ffe804c0000 - 0x00007ffe8075b000 	C:\Windows\WinSxS\amd64_microsoft.windows.common-controls_6595b64144ccf1df_6.0.19041.6456_none_60b8a6cb71f64256\COMCTL32.dll
0x00007ffe83930000 - 0x00007ffe8395b000 	C:\Windows\System32\GDI32.dll
0x00007ffe82930000 - 0x00007ffe829ce000 	C:\Windows\System32\msvcrt.dll
0x00007ffe81670000 - 0x00007ffe81789000 	C:\Windows\System32\gdi32full.dll
0x00007ffe817c0000 - 0x00007ffe8185d000 	C:\Windows\System32\msvcp_win.dll
0x00007ffe81a30000 - 0x00007ffe81a5f000 	C:\Windows\System32\IMM32.DLL
0x00007ffe5ea00000 - 0x00007ffe5ea0c000 	C:\Program Files (x86)\Android\openjdk\jdk-21.0.8\bin\vcruntime140_1.dll
0x00007ffe3e9f0000 - 0x00007ffe3ea79000 	C:\Program Files (x86)\Android\openjdk\jdk-21.0.8\bin\msvcp140.dll
0x00007ffd61f40000 - 0x00007ffd62cec000 	C:\Program Files (x86)\Android\openjdk\jdk-21.0.8\bin\server\jvm.dll
0x00007ffe82ab0000 - 0x00007ffe82b61000 	C:\Windows\System32\ADVAPI32.dll
0x00007ffe82530000 - 0x00007ffe825cf000 	C:\Windows\System32\sechost.dll
0x00007ffe82da0000 - 0x00007ffe82ec0000 	C:\Windows\System32\RPCRT4.dll
0x00007ffe81790000 - 0x00007ffe817b7000 	C:\Windows\System32\bcrypt.dll
0x00007ffe83960000 - 0x00007ffe839cb000 	C:\Windows\System32\WS2_32.dll
0x00007ffe80f00000 - 0x00007ffe80f4b000 	C:\Windows\SYSTEM32\POWRPROF.dll
0x00007ffe72710000 - 0x00007ffe7271a000 	C:\Windows\SYSTEM32\VERSION.dll
0x00007ffe71f10000 - 0x00007ffe71f37000 	C:\Windows\SYSTEM32\WINMM.dll
0x00007ffe80ee0000 - 0x00007ffe80ef2000 	C:\Windows\SYSTEM32\UMPDC.dll
0x00007ffe7f1d0000 - 0x00007ffe7f1e2000 	C:\Windows\SYSTEM32\kernel.appcore.dll
0x00007ffe4fd40000 - 0x00007ffe4fd4a000 	C:\Program Files (x86)\Android\openjdk\jdk-21.0.8\bin\jimage.dll
0x00007ffe80970000 - 0x00007ffe80b71000 	C:\Windows\SYSTEM32\DBGHELP.DLL
0x00007ffe80930000 - 0x00007ffe80964000 	C:\Windows\SYSTEM32\dbgcore.DLL
0x00007ffe810a0000 - 0x00007ffe81122000 	C:\Windows\System32\bcryptPrimitives.dll
0x00007ffe47ca0000 - 0x00007ffe47cc1000 	C:\Program Files (x86)\Android\openjdk\jdk-21.0.8\bin\java.dll
0x00007ffe81a60000 - 0x00007ffe821d0000 	C:\Windows\System32\SHELL32.dll
0x00007ffe7e9d0000 - 0x00007ffe7f175000 	C:\Windows\SYSTEM32\windows.storage.dll
0x00007ffe821d0000 - 0x00007ffe82524000 	C:\Windows\System32\combase.dll
0x00007ffe801f0000 - 0x00007ffe8021b000 	C:\Windows\SYSTEM32\Wldp.dll
0x00007ffe82c40000 - 0x00007ffe82d0d000 	C:\Windows\System32\OLEAUT32.dll
0x00007ffe83820000 - 0x00007ffe838cd000 	C:\Windows\System32\SHCORE.dll
0x00007ffe82780000 - 0x00007ffe827db000 	C:\Windows\System32\shlwapi.dll
0x00007ffe80fd0000 - 0x00007ffe80ff4000 	C:\Windows\SYSTEM32\profapi.dll
0x00007ffe27db0000 - 0x00007ffe27e86000 	C:\Program Files (x86)\Android\openjdk\jdk-21.0.8\bin\jsvml.dll
0x00007ffe4fae0000 - 0x00007ffe4faf1000 	C:\Program Files (x86)\Android\openjdk\jdk-21.0.8\bin\net.dll
0x00007ffe77a80000 - 0x00007ffe77b8a000 	C:\Windows\SYSTEM32\WINHTTP.dll
0x00007ffe80040000 - 0x00007ffe800aa000 	C:\Windows\system32\mswsock.dll
0x00007ffe4d9f0000 - 0x00007ffe4da06000 	C:\Program Files (x86)\Android\openjdk\jdk-21.0.8\bin\nio.dll
0x00007ffe47c80000 - 0x00007ffe47c98000 	C:\Program Files (x86)\Android\openjdk\jdk-21.0.8\bin\zip.dll

JVMTI agents: none

dbghelp: loaded successfully - version: 4.0.5 - missing functions: none
symbol engine: initialized successfully - sym options: 0x614 - pdb path: .;C:\Program Files (x86)\Android\openjdk\jdk-21.0.8\bin;C:\Windows\SYSTEM32;C:\Windows\WinSxS\amd64_microsoft.windows.common-controls_6595b64144ccf1df_6.0.19041.6456_none_60b8a6cb71f64256;C:\Program Files (x86)\Android\openjdk\jdk-21.0.8\bin\server

VM Arguments:
java_command: com.xamarin.manifestmerger.Main obj\Debug\net10.0-android\android\manifestmerger.rsp
java_class_path (initial): C:\Program Files\dotnet\packs\Microsoft.Android.Sdk.Windows\36.1.43\tools\manifestmerger.jar
Launcher Type: SUN_STANDARD

[Global flags]
     intx CICompilerCount                          = 3                                         {product} {ergonomic}
     uint ConcGCThreads                            = 1                                         {product} {ergonomic}
     uint G1ConcRefinementThreads                  = 4                                         {product} {ergonomic}
   size_t G1HeapRegionSize                         = 1048576                                   {product} {ergonomic}
    uintx GCDrainStackTargetSize                   = 64                                        {product} {ergonomic}
   size_t InitialHeapSize                          = 134217728                                 {product} {ergonomic}
   size_t MarkStackSize                            = 4194304                                   {product} {ergonomic}
   size_t MaxHeapSize                              = 2126512128                                {product} {ergonomic}
   size_t MaxNewSize                               = 1275068416                                {product} {ergonomic}
   size_t MinHeapDeltaBytes                        = 1048576                                   {product} {ergonomic}
   size_t MinHeapSize                              = 8388608                                   {product} {ergonomic}
    uintx NonNMethodCodeHeapSize                   = 5832780                                {pd product} {ergonomic}
    uintx NonProfiledCodeHeapSize                  = 122912730                              {pd product} {ergonomic}
    uintx ProfiledCodeHeapSize                     = 122912730                              {pd product} {ergonomic}
    uintx ReservedCodeCacheSize                    = 251658240                              {pd product} {ergonomic}
     bool SegmentedCodeCache                       = true                                      {product} {ergonomic}
   size_t SoftMaxHeapSize                          = 2126512128                             {manageable} {ergonomic}
     bool UseCompressedOops                        = true                           {product lp64_product} {ergonomic}
     bool UseG1GC                                  = true                                      {product} {ergonomic}
     bool UseLargePagesIndividualAllocation        = false                                  {pd product} {ergonomic}

Logging:
Log output configuration:
 #0: stdout all=warning uptime,level,tags foldmultilines=false
 #1: stderr all=off uptime,level,tags foldmultilines=false

Environment Variables:
JAVA_HOME=C:\Program Files (x86)\Android\openjdk\jdk-21.0.8
PATH=C:\Program Files (x86)\Android\openjdk\jdk-21.0.8\bin;C:\Program Files\Eclipse Adoptium\jdk-17.0.17.10-hotspot\bin;C:\Python310\Scripts\;C:\Python310\;C:\Windows\system32;C:\Windows;C:\Windows\System32\Wbem;C:\Windows\System32\WindowsPowerShell\v1.0\;C:\Windows\System32\OpenSSH\;C:\Program Files\MongoDB\Server\5.0\bin;C:\ProgramData\chocolatey\bin;C:\Program Files\heroku\bin;C:\Program Files\Git\cmd;C:\Users\ACER\AppData\Roaming\nvm;C:\Program Files\nodejs;C:\Program Files\Amazon\AWSCLIV2\;C:\Program Files\MongoDB\Tools\100\bin;C:\Users\ACER\Downloads\jdk-23.0.2\bin;C:\Program Files\nodejs\;C:\Program Files\dotnet\;C:\Program Files (x86)\Microsoft SQL Server\150\Tools\Binn\;C:\Program Files\Microsoft SQL Server\150\Tools\Binn\;C:\Program Files (x86)\Microsoft SQL Server\150\DTS\Binn\;C:\Program Files\Microsoft SQL Server\150\DTS\Binn\;C:\Program Files\Microsoft SQL Server\Client SDK\ODBC\170\Tools\Binn\;C:\Program Files\Microsoft SQL Server\170\Tools\Binn\;C:\Program Files\Microsoft SQL Server\170\DTS\Binn\;C:\Program Files\Microsoft SQL Server\130\DTS\Binn\;C:\Program Files\Microsoft SQL Server\140\DTS\Binn\;C:\Program Files\Microsoft SQL Server\160\DTS\Binn\;c:\Users\ACER\AppData\Local\Programs\cursor\resources\app\codeBin;C:\Users\ACER\AppData\Local\Programs\Python\Python310\Scripts\;C:\Users\ACER\AppData\Local\Programs\Python\Python310\;C:\Users\ACER\AppData\Local\Microsoft\WindowsApps;C:\src\flutter\bin;C:\Program Files\heroku\bin;C:\Users\ACER\AppData\Local\Programs\Microsoft VS Code\bin;C:\Users\ACER\AppData\Roaming\nvm;C:\Program Files\nodejs;C:\Users\ACER\AppData\Roaming\npm;C:\Users\ACER\AppData\Roaming\TinyTeX\bin\windows;D:\cursor-data\resources\app\bin;C:\Users\ACER\.dotnet\tools;D:\Program Files\Visual Studio\Common7\IDE\PrivateAssemblies\runtimes\win-x64\native
USERNAME=ACER
OS=Windows_NT
PROCESSOR_IDENTIFIER=Intel64 Family 6 Model 61 Stepping 4, GenuineIntel
TMP=C:\Users\ACER\AppData\Local\Temp
TEMP=C:\Users\ACER\AppData\Local\Temp




Periodic native trim disabled

---------------  S Y S T E M  ---------------

OS:
 Windows 10 , 64 bit Build 19041 (10.0.19041.5915)
OS uptime: 2 days 23:47 hours
Hyper-V role detected

CPU: total 4 (initial active 4) (2 cores per cpu, 2 threads per core) family 6 model 61 stepping 4 microcode 0x2d, cx8, cmov, fxsr, ht, mmx, 3dnowpref, sse, sse2, sse3, ssse3, sse4.1, sse4.2, popcnt, lzcnt, tsc, tscinvbit, avx, avx2, aes, erms, clmul, bmi1, bmi2, adx, fma, vzeroupper, clflush, hv, rdtscp, f16c
Processor Information for the first 4 processors :
  Max Mhz: 2201, Current Mhz: 2200, Mhz Limit: 2178

Memory: 4k page, system-wide physical 8107M (231M free)
TotalPageFile size 12917M (AvailPageFile size 25M)
current process WorkingSet (physical memory assigned to process): 116M, peak: 116M
current process commit charge ("private bytes"): 216M, peak: 337M

vm_info: OpenJDK 64-Bit Server VM (21.0.8+9-LTS) for windows-amd64 JRE (21.0.8+9-LTS), built on 2025-07-10T20:22:44Z by "MicrosoftCorporation" with unknown MS VC++:1944

END.
